[backblue.gif]
[fade.gif]
[index.html]
[localhost/wordpress/index.html]
[localhost/wordpress/feed/index.html]
[localhost/wordpress/xmlrpc.php]
[localhost/wordpress/comments/feed/index.html]
[localhost/wordpress/wp-includes/css/dist/block-library/style.minbb49.css]
[localhost/wordpress/wp-includes/css/dist/block-library/theme.minbb49.css]
[localhost/wordpress/wp-content/themes/twentythirteen/genericons/genericons19ce.css]
[localhost/wordpress/wp-content/themes/twentythirteen/style4a02.css]
[localhost/wordpress/wp-content/themes/twentythirteen/css/blocks0329.css]
[localhost/wordpress/wp-content/plugins/elementor/assets/lib/eicons/css/elementor-icons.min9a8d.css]
[localhost/wordpress/wp-content/plugins/elementor/assets/lib/animations/animations.mind7ad.css]
[localhost/wordpress/wp-content/plugins/elementor/assets/css/frontend.mind7ad.css]
[localhost/wordpress/wp-includes/js/jquery/jquery4a5f.js]
[localhost/wordpress/wp-includes/js/jquery/jquery-migrate.min330a.js]
[localhost/wordpress/wp-content/uploads/elementor/css/global6e33.css]
[localhost/wordpress/wp-content/uploads/elementor/css/post-1197243.css]
[localhost/wordpress/wp-includes/wlwmanifest.xml]
[localhost/wordpress/wp-json/index.html]
[localhost/wordpress/xmlrpc0db0.php]
[localhost/wordpress/wp-content/uploads/2019/08/cropped-banner03_eng.png]
[localhost/wordpress/wp-json/oembed/1.0/embed68f4.json]
[localhost/wordpress/wp-json/oembed/1.0/embedd248]
[localhost/wordpress/wp-includes/js/masonry.mind617.js]
[localhost/wordpress/wp-includes/js/imagesloaded.min55a0.js]
[localhost/wordpress/about-national-coding-system/index.html]
[localhost/wordpress/downloads/index.html]
[localhost/wordpress/wp-content/themes/twentythirteen/js/functionsf84f.js]
[localhost/wordpress/wp-includes/js/jquery/jquery.masonry.minef70.js]
[localhost/wordpress/wp-includes/js/wp-embed.minbb49.js]
[localhost/wordpress/ncs-guidelines/index.html]
[localhost/wordpress/desktop-tools/index.html]
[localhost/wordpress/wp-includes/js/jquery/ui/position.mine899.js]
[localhost/wordpress/wp-content/plugins/elementor/assets/lib/dialog/dialog.minfe9d.js]
[localhost/wordpress/wp-content/plugins/elementor/assets/js/frontend-modules.mind7ad.js]
[localhost/wordpress/wp-content/plugins/elementor/assets/lib/waypoints/waypoints.min05da.js]
[localhost/wordpress/faqs/index.html]
[localhost/wordpress/wp-content/plugins/elementor/assets/lib/swiper/swiper.min4f24.js]
[localhost/wordpress/wp-content/plugins/elementor/assets/js/frontend.mind7ad.js]
[localhost/wordpress/wp-content/themes/twentythirteen/genericons/font/genericons-regular-webfont.eot]
[localhost/wordpress/wp-content/themes/twentythirteen/genericons/font/genericons-regular-webfont.ttf]
[localhost/wordpress/wp-content/themes/twentythirteen/images/dotted-line.png]
[localhost/wordpress/wp-content/themes/twentythirteen/images/search-icon.png]
[localhost/wordpress/wp-content/themes/twentythirteen/images/search-icon-2x.png]
[localhost/wordpress/wp-content/themes/twentythirteen/images/dotted-line-2x.png]
[localhost/wordpress/wp-content/plugins/elementor/assets/lib/eicons/fonts/eiconsb434.eot]
[localhost/wordpress/wp-content/plugins/elementor/assets/lib/eicons/fonts/eiconsb434.woff2]
[localhost/wordpress/wp-content/plugins/elementor/assets/lib/eicons/fonts/eiconsb434.woff]
[localhost/wordpress/wp-content/plugins/elementor/assets/lib/eicons/fonts/eiconsb434.ttf]
[localhost/wordpress/wp-content/uploads/2019/07/Pcode_structure.png]
[localhost/wordpress/wp-json/oembed/1.0/embed07a0.json]
[localhost/wordpress/wp-json/oembed/1.0/embed40cc]
[localhost/wordpress/wp-json/oembed/1.0/embed0d9c.json]
[localhost/wordpress/wp-json/oembed/1.0/embedd36d]
[localhost/wordpress/wp-json/oembed/1.0/embed0a4b.json]
[localhost/wordpress/wp-json/oembed/1.0/embed8505]
[localhost/wordpress/wp-content/uploads/2019/08/pcoder.png]
[localhost/wordpress/wp-json/oembed/1.0/embedf899.json]
[localhost/wordpress/wp-json/oembed/1.0/embed0f42]
[localhost/wordpress/wp-json/oembed/1.0/embed6801.json]
[localhost/wordpress/wp-json/oembed/1.0/embed6f5d]
[cdnjs.cloudflare.com/ajax/libs/d3/3.5.5/d3.min.js]
[localhost/wordpress/wp-content/themes/twentythirteen/genericons/font/genericons-regular-webfont.svg]
[localhost/wordpress/wp-content/plugins/elementor/assets/lib/eicons/fonts/eiconsb434.svg]
[localhost/wordpress/wp-content/uploads/elementor/css/post-52da5.css]
[localhost/wordpress/indexc471.html]
[localhost/wordpress/index7665.html]
[localhost/wordpress/index30a5.html]
[localhost/wordpress/wp-content/uploads/elementor/css/post-80651d.css]
[localhost/wordpress/indexbde5.html]
[localhost/wordpress/index4579.html]
